// Jest Snapshot v1, https://goo.gl/fbAQLP

exports[`ouxe running prettier writes all files 1`] = `
"export default function potato() {
  let a, b, c

  ;[a, b, c].forEach((x) => 0)
}
"
`;

exports[`ouxe runs help 1`] = `
"Usage: ouxe [configuration] [args]

Commands:
  ouxe            Choose from some configuration options               [default]
  ouxe prettier   Opinionated prettier configuration                [aliases: p]
  ouxe eslint     Opinionated eslint configuration                  [aliases: e]
  ouxe documents  Basic legal documents, like Code of Conduct and License
                                                                    [aliases: d]

Options:
  --version       Show version number                                  [boolean]
  --skip-install  Skip installation steps. Ideal for the unconnected.  [boolean]
  --help          Show help                                            [boolean]
"
`;
